Copyright 1986-2021 Xilinx, Inc. All Rights Reserved.
------------------------------------------------------------------------------------
| Tool Version : Vivado v.2021.1 (lin64) Build 3247384 Thu Jun 10 19:36:07 MDT 2021
| Date         : Mon Mar 16 13:33:14 2026
| Host         : wolf-super-server running 64-bit Ubuntu 20.04.6 LTS
| Command      : upgrade_ip
| Device       : xc7a100tcsg324-1
------------------------------------------------------------------------------------

Upgrade Log for IP 'top_level_poke_0_0'

1. Summary
----------

CAUTION (success, with warnings) in the conversion of top_level_poke_0_0 (xilinx.com:module_ref:poke:1.0 (Rev. 1)) to Vivado generation flows.

After upgrade, an IP may have parameter and port differences compared to the original customization. Please review the parameters within the IP customization GUI to ensure proper functionality. Also, please review the updated IP instantiation template to ensure proper connectivity, and update your design if required.

2. Connection Warnings
----------------------

Detected external port differences while upgrading 'top_level_poke_0_0'. These changes may impact your design.


-Upgraded port order differs after port 'clk'


3. Addressing Information
-------------------------

Detected addressing differences while upgrading 'top_level_poke_0_0'. These changes may impact your design.


-Upgrade has removed address space 'address_spaces'


